[09:53:15] [ServerMain/INFO]: Environment: authHost='https://authserver.mojang.com', accountsHost='https://api.mojang.com', sessionHost='https://sessionserver.mojang.com', servicesHost='https://api.minecraftservices.com', name='PROD'
[09:53:15] [ServerMain/INFO]: Found new data pack file/bukkit, loading it automatically
[09:53:17] [ServerMain/INFO]: Loaded 7 recipes
[09:53:17] [Server thread/INFO]: Starting minecraft server version 1.20.1
[09:53:17] [Server thread/INFO]: Loading properties
[09:53:17] [Server thread/INFO]: This server is running CraftBukkit version 3871-Spigot-d2eba2c-3f9263b (MC: 1.20.1) (Implementing API version 1.20.1-R0.1-SNAPSHOT)
[09:53:18] [Server thread/INFO]: Debug logging is disabled
[09:53:18] [Server thread/INFO]: Server Ping Player Sample Count: 12
[09:53:18] [Server thread/INFO]: Using 4 threads for Netty based IO
[09:53:18] [Server thread/INFO]: Default game type: SURVIVAL
[09:53:18] [Server thread/INFO]: Generating keypair
[09:53:18] [Server thread/INFO]: Starting Minecraft server on *:25565
[09:53:18] [Server thread/INFO]: Using default channel type
[09:53:18] [Server thread/INFO]: Preparing level "world"
[09:53:18] [Server thread/INFO]: -------- World Settings For [world] --------
[09:53:18] [Server thread/INFO]: Item Despawn Rate: 6000
[09:53:18] [Server thread/INFO]: Item Merge Radius: 2.5
[09:53:18] [Server thread/INFO]: Simulation Distance: 10
[09:53:18] [Server thread/INFO]: View Distance: 10
[09:53:18] [Server thread/INFO]: Allow Zombie Pigmen to spawn from portal blocks: true
[09:53:18] [Server thread/INFO]: Arrow Despawn Rate: 1200 Trident Respawn Rate:1200
[09:53:18] [Server thread/INFO]: Nerfing mobs spawned from spawners: false
[09:53:18] [Server thread/INFO]: Zombie Aggressive Towards Villager: true
[09:53:18] [Server thread/INFO]: Experience Merge Radius: 3.0
[09:53:18] [Server thread/INFO]: Mob Spawn Range: 6
[09:53:18] [Server thread/INFO]: Cactus Growth Modifier: 100%
[09:53:18] [Server thread/INFO]: Cane Growth Modifier: 100%
[09:53:18] [Server thread/INFO]: Melon Growth Modifier: 100%
[09:53:18] [Server thread/INFO]: Mushroom Growth Modifier: 100%
[09:53:18] [Server thread/INFO]: Pumpkin Growth Modifier: 100%
[09:53:18] [Server thread/INFO]: Sapling Growth Modifier: 100%
[09:53:18] [Server thread/INFO]: Beetroot Growth Modifier: 100%
[09:53:18] [Server thread/INFO]: Carrot Growth Modifier: 100%
[09:53:18] [Server thread/INFO]: Potato Growth Modifier: 100%
[09:53:18] [Server thread/INFO]: Wheat Growth Modifier: 100%
[09:53:18] [Server thread/INFO]: NetherWart Growth Modifier: 100%
[09:53:18] [Server thread/INFO]: Vine Growth Modifier: 100%
[09:53:18] [Server thread/INFO]: Cocoa Growth Modifier: 100%
[09:53:18] [Server thread/INFO]: Bamboo Growth Modifier: 100%
[09:53:18] [Server thread/INFO]: SweetBerry Growth Modifier: 100%
[09:53:18] [Server thread/INFO]: Kelp Growth Modifier: 100%
[09:53:18] [Server thread/INFO]: TwistingVines Growth Modifier: 100%
[09:53:18] [Server thread/INFO]: WeepingVines Growth Modifier: 100%
[09:53:18] [Server thread/INFO]: CaveVines Growth Modifier: 100%
[09:53:18] [Server thread/INFO]: Entity Activation Range: An 32 / Mo 32 / Ra 48 / Mi 16 / Tiv true / Isa false
[09:53:18] [Server thread/INFO]: Custom Map Seeds:  Village: 10387312 Desert: 14357617 Igloo: 14357618 Jungle: 14357619 Swamp: 14357620 Monument: 10387313 Ocean: 14357621 Shipwreck: 165745295 End City: 10387313 Slime: 987234911 Nether: 30084232 Mansion: 10387319 Fossil: 14357921 Portal: 34222645
[09:53:18] [Server thread/INFO]: Hopper Transfer: 8 Hopper Check: 1 Hopper Amount: 1 Hopper Can Load Chunks: false
[09:53:18] [Server thread/INFO]: Entity Tracking Range: Pl 48 / An 48 / Mo 48 / Mi 32 / Di 128 / Other 64
[09:53:18] [Server thread/INFO]: Tile Max Tick Time: 50ms Entity max Tick Time: 50ms
[09:53:18] [Server thread/INFO]: Max TNT Explosions: 100
[09:53:22] [Server thread/INFO]: -------- World Settings For [world_nether] --------
[09:53:22] [Server thread/INFO]: Item Despawn Rate: 6000
[09:53:22] [Server thread/INFO]: Item Merge Radius: 2.5
[09:53:22] [Server thread/INFO]: Simulation Distance: 10
[09:53:22] [Server thread/INFO]: View Distance: 10
[09:53:22] [Server thread/INFO]: Allow Zombie Pigmen to spawn from portal blocks: true
[09:53:22] [Server thread/INFO]: Arrow Despawn Rate: 1200 Trident Respawn Rate:1200
[09:53:22] [Server thread/INFO]: Nerfing mobs spawned from spawners: false
[09:53:22] [Server thread/INFO]: Zombie Aggressive Towards Villager: true
[09:53:22] [Server thread/INFO]: Experience Merge Radius: 3.0
[09:53:22] [Server thread/INFO]: Mob Spawn Range: 6
[09:53:22] [Server thread/INFO]: Cactus Growth Modifier: 100%
[09:53:22] [Server thread/INFO]: Cane Growth Modifier: 100%
[09:53:22] [Server thread/INFO]: Melon Growth Modifier: 100%
[09:53:22] [Server thread/INFO]: Mushroom Growth Modifier: 100%
[09:53:22] [Server thread/INFO]: Pumpkin Growth Modifier: 100%
[09:53:22] [Server thread/INFO]: Sapling Growth Modifier: 100%
[09:53:22] [Server thread/INFO]: Beetroot Growth Modifier: 100%
[09:53:22] [Server thread/INFO]: Carrot Growth Modifier: 100%
[09:53:22] [Server thread/INFO]: Potato Growth Modifier: 100%
[09:53:22] [Server thread/INFO]: Wheat Growth Modifier: 100%
[09:53:22] [Server thread/INFO]: NetherWart Growth Modifier: 100%
[09:53:22] [Server thread/INFO]: Vine Growth Modifier: 100%
[09:53:22] [Server thread/INFO]: Cocoa Growth Modifier: 100%
[09:53:22] [Server thread/INFO]: Bamboo Growth Modifier: 100%
[09:53:22] [Server thread/INFO]: SweetBerry Growth Modifier: 100%
[09:53:22] [Server thread/INFO]: Kelp Growth Modifier: 100%
[09:53:22] [Server thread/INFO]: TwistingVines Growth Modifier: 100%
[09:53:22] [Server thread/INFO]: WeepingVines Growth Modifier: 100%
[09:53:22] [Server thread/INFO]: CaveVines Growth Modifier: 100%
[09:53:22] [Server thread/INFO]: Entity Activation Range: An 32 / Mo 32 / Ra 48 / Mi 16 / Tiv true / Isa false
[09:53:22] [Server thread/INFO]: Custom Map Seeds:  Village: 10387312 Desert: 14357617 Igloo: 14357618 Jungle: 14357619 Swamp: 14357620 Monument: 10387313 Ocean: 14357621 Shipwreck: 165745295 End City: 10387313 Slime: 987234911 Nether: 30084232 Mansion: 10387319 Fossil: 14357921 Portal: 34222645
[09:53:22] [Server thread/INFO]: Hopper Transfer: 8 Hopper Check: 1 Hopper Amount: 1 Hopper Can Load Chunks: false
[09:53:22] [Server thread/INFO]: Entity Tracking Range: Pl 48 / An 48 / Mo 48 / Mi 32 / Di 128 / Other 64
[09:53:22] [Server thread/INFO]: Tile Max Tick Time: 50ms Entity max Tick Time: 50ms
[09:53:22] [Server thread/INFO]: Max TNT Explosions: 100
[09:53:23] [Server thread/INFO]: -------- World Settings For [world_the_end] --------
[09:53:23] [Server thread/INFO]: Item Despawn Rate: 6000
[09:53:23] [Server thread/INFO]: Item Merge Radius: 2.5
[09:53:23] [Server thread/INFO]: Simulation Distance: 10
[09:53:23] [Server thread/INFO]: View Distance: 10
[09:53:23] [Server thread/INFO]: Allow Zombie Pigmen to spawn from portal blocks: true
[09:53:23] [Server thread/INFO]: Arrow Despawn Rate: 1200 Trident Respawn Rate:1200
[09:53:23] [Server thread/INFO]: Nerfing mobs spawned from spawners: false
[09:53:23] [Server thread/INFO]: Zombie Aggressive Towards Villager: true
[09:53:23] [Server thread/INFO]: Experience Merge Radius: 3.0
[09:53:23] [Server thread/INFO]: Mob Spawn Range: 6
[09:53:23] [Server thread/INFO]: Cactus Growth Modifier: 100%
[09:53:23] [Server thread/INFO]: Cane Growth Modifier: 100%
[09:53:23] [Server thread/INFO]: Melon Growth Modifier: 100%
[09:53:23] [Server thread/INFO]: Mushroom Growth Modifier: 100%
[09:53:23] [Server thread/INFO]: Pumpkin Growth Modifier: 100%
[09:53:23] [Server thread/INFO]: Sapling Growth Modifier: 100%
[09:53:23] [Server thread/INFO]: Beetroot Growth Modifier: 100%
[09:53:23] [Server thread/INFO]: Carrot Growth Modifier: 100%
[09:53:23] [Server thread/INFO]: Potato Growth Modifier: 100%
[09:53:23] [Server thread/INFO]: Wheat Growth Modifier: 100%
[09:53:23] [Server thread/INFO]: NetherWart Growth Modifier: 100%
[09:53:23] [Server thread/INFO]: Vine Growth Modifier: 100%
[09:53:23] [Server thread/INFO]: Cocoa Growth Modifier: 100%
[09:53:23] [Server thread/INFO]: Bamboo Growth Modifier: 100%
[09:53:23] [Server thread/INFO]: SweetBerry Growth Modifier: 100%
[09:53:23] [Server thread/INFO]: Kelp Growth Modifier: 100%
[09:53:23] [Server thread/INFO]: TwistingVines Growth Modifier: 100%
[09:53:23] [Server thread/INFO]: WeepingVines Growth Modifier: 100%
[09:53:23] [Server thread/INFO]: CaveVines Growth Modifier: 100%
[09:53:23] [Server thread/INFO]: Entity Activation Range: An 32 / Mo 32 / Ra 48 / Mi 16 / Tiv true / Isa false
[09:53:23] [Server thread/INFO]: Custom Map Seeds:  Village: 10387312 Desert: 14357617 Igloo: 14357618 Jungle: 14357619 Swamp: 14357620 Monument: 10387313 Ocean: 14357621 Shipwreck: 165745295 End City: 10387313 Slime: 987234911 Nether: 30084232 Mansion: 10387319 Fossil: 14357921 Portal: 34222645
[09:53:23] [Server thread/INFO]: Hopper Transfer: 8 Hopper Check: 1 Hopper Amount: 1 Hopper Can Load Chunks: false
[09:53:23] [Server thread/INFO]: Entity Tracking Range: Pl 48 / An 48 / Mo 48 / Mi 32 / Di 128 / Other 64
[09:53:23] [Server thread/INFO]: Tile Max Tick Time: 50ms Entity max Tick Time: 50ms
[09:53:23] [Server thread/INFO]: Max TNT Explosions: 100
[09:53:24] [Server thread/INFO]: Preparing start region for dimension minecraft:overworld
[09:53:24] [Server thread/INFO]: Preparing spawn area: 0%
[09:53:25] [Worker-Main-4/INFO]: Preparing spawn area: 6%
[09:53:25] [Worker-Main-4/INFO]: Preparing spawn area: 83%
[09:53:26] [Worker-Main-3/INFO]: Preparing spawn area: 83%
[09:53:26] [Worker-Main-9/INFO]: Preparing spawn area: 83%
[09:53:27] [Worker-Main-4/INFO]: Preparing spawn area: 83%
[09:53:27] [Worker-Main-2/INFO]: Preparing spawn area: 83%
[09:53:28] [Worker-Main-3/INFO]: Preparing spawn area: 83%
[09:53:28] [Worker-Main-10/INFO]: Preparing spawn area: 83%
[09:53:29] [Worker-Main-8/INFO]: Preparing spawn area: 83%
[09:53:29] [Worker-Main-1/INFO]: Preparing spawn area: 83%
[09:53:30] [Worker-Main-11/INFO]: Preparing spawn area: 83%
[09:53:30] [Worker-Main-7/INFO]: Preparing spawn area: 83%
[09:53:31] [Worker-Main-10/INFO]: Preparing spawn area: 84%
[09:53:31] [Worker-Main-7/INFO]: Preparing spawn area: 84%
[09:53:33] [Worker-Main-7/INFO]: Preparing spawn area: 86%
[09:53:33] [Worker-Main-1/INFO]: Preparing spawn area: 86%
[09:53:33] [Worker-Main-1/INFO]: Preparing spawn area: 86%
[09:53:33] [Worker-Main-9/INFO]: Preparing spawn area: 86%
[09:53:34] [Worker-Main-6/INFO]: Preparing spawn area: 87%
[09:53:34] [Worker-Main-9/INFO]: Preparing spawn area: 89%
[09:53:35] [Worker-Main-7/INFO]: Preparing spawn area: 91%
[09:53:35] [Worker-Main-5/INFO]: Preparing spawn area: 93%
[09:53:36] [Worker-Main-5/INFO]: Preparing spawn area: 96%
[09:53:36] [Worker-Main-7/INFO]: Preparing spawn area: 99%
[09:53:36] [Server thread/INFO]: Time elapsed: 12082 ms
[09:53:36] [Server thread/INFO]: Preparing start region for dimension minecraft:the_nether
[09:53:36] [Server thread/INFO]: Preparing spawn area: 0%
[09:53:37] [Worker-Main-3/INFO]: Preparing spawn area: 83%
[09:53:37] [Worker-Main-9/INFO]: Preparing spawn area: 83%
[09:53:38] [Worker-Main-8/INFO]: Preparing spawn area: 83%
[09:53:38] [Worker-Main-8/INFO]: Preparing spawn area: 83%
[09:53:39] [Worker-Main-2/INFO]: Preparing spawn area: 83%
[09:53:39] [Worker-Main-8/INFO]: Preparing spawn area: 84%
[09:53:40] [Worker-Main-8/INFO]: Preparing spawn area: 87%
[09:53:40] [Worker-Main-5/INFO]: Preparing spawn area: 91%
[09:53:41] [Worker-Main-10/INFO]: Preparing spawn area: 94%
[09:53:41] [Worker-Main-4/INFO]: Preparing spawn area: 99%
[09:53:41] [Server thread/INFO]: Time elapsed: 5031 ms
[09:53:41] [Server thread/INFO]: Preparing start region for dimension minecraft:the_end
[09:53:41] [Server thread/INFO]: Preparing spawn area: 0%
[09:53:42] [Worker-Main-3/INFO]: Preparing spawn area: 83%
[09:53:42] [Worker-Main-3/INFO]: Preparing spawn area: 84%
[09:53:43] [Server thread/INFO]: Time elapsed: 1451 ms
[09:53:43] [Server thread/INFO]: Server permissions file permissions.yml is empty, ignoring it
[09:53:43] [Server thread/INFO]: Done (24.436s)! For help, type "help"
[09:53:54] [Thread-1/INFO]: Stopping server
